 ! Output data generated by GKW version 2188M   
 !  2 June 2011   4:54:26.088 PM
 !  executable name: gkw_qa0-DP_2188M.x              
 !  compiled with $(FC) 
 !/afs/@cell/common/soft/intel/impi/4.0.0/bin64/mpiifort                                                                          
 !Run on            1 processor(s)
 !If the input file generated warnings:
 !This file is a clean version that should not generate warnings
 !The following are the input variables as used by the code:
 &CONTROL
 COLLISIONS      = T,
 DISP_PAR        =   1.00000000000000     ,
 DISP_VP =  5.000000000000000E-002,
 DISP_X  =  0.000000000000000E+000,
 DISP_Y  =  0.000000000000000E+000,
 DTIM    =  1.000000000000000E-003,
 IRUN    =           0,
 LVERBOSE        = T,
 MATRIX_FORMAT   = complex                         ,
 MAX_SEC =          -1,
 METH    =           2,
 METHOD  = EXP                             ,
 NAVERAGE        =          20,
 NEOCLASSICS     = F,
 NLAPAR  = T,
 NLPHI   = T,
 NON_LINEAR      = F,
 NL_DTIM_EST     = F,
 NORMALIZED      = T,
 NTIME   =          10,
 ORDER_OF_THE_SCHEME     = fourth_order                    ,
 PARALLEL_BOUNDARY_CONDITIONS    = zero                            ,
 READ_FILE       = F,
 SILENT  = F,
 TESTING = F,
 VP_TRAP =           0,
 UNIFORM_MU_GRID = F,
 LFLAPV  = F,
 ZONAL_ADIABATIC = T,
 DT_MIN  =  0.000000000000000E+000,
 NDUMP_TS        =           0,
 MAX_SECONDS     =  -1.00000000000000     ,
 AUTO_RESTART    = F,
 LTRAPPING_ARAKAWA       = F,
 NLBPAR  = T,
 RESTART_FILE_VERSION    =           2,
 GAMATOL =  1.000000000000000E-005,
 AMP_IMOD        =  0.000000000000000E+000,
 IMOD_INIT       =        -999,
 AMP_ZON =  0.000000000000000E+000,
 MODE_PERSIST    = F,
 NORMALIZE_PER_TOROIDAL_MODE     = F,
 USE_NON_ADIA    = F
 /
 &GRIDSIZE
 NX      =           1,
 NPERIOD =           2,
 N_VPAR_GRID     =          16,
 NMOD    =           1,
 NUMBER_OF_SPECIES       =           2,
 N_MU_GRID       =           8,
 N_TRAPPED       =           0,
 N_S_GRID        =          50,
 N_PROCS_S       =           2,
 N_PROCS_SP      =           2,
 N_PROCS_VPAR    =           2,
 N_PROCS_MU      =           2,
 NON_BLOCKING_VPAR       = T,
 VPMAX   =   3.00000000000000     ,
 MUMAX   =   4.50000000000000     
 /
 &DIAGNOSTIC
 LPFLUX  = T,
 LEFLUX  = T,
 LVFLUX  = T,
 LFLUXES_SPECTRA = T,
 LFLUXES_EM_SPECTRA      = T,
 LPARALLEL_PHI   = T,
 LPARALLEL_APAR  = T,
 LFLUXES_DETAIL  = T,
 NFLUSH_TS       =           2,
 LWRITE_OUTPUT1  = T,
 LCALC_FLUXES    = T,
 LCALC_FREQ      = T,
 LFINAL_OUTPUT   = T,
 LISL_FOLLOW     = T,
 SCREEN_OUTPUT   = T,
 LMPI_BROKEN_IO  = T,
 LPHI_DIAGNOSTICS        = T,
 XY_FLUXES       = F,
 XY_DENS = F,
 XY_TEMP = F,
 XY_CURRENT      = F,
 XY_PHI  = F,
 XY_APAR = F,
 XY_BPAR = F,
 XY_FLUXES_EM    = F,
 XY_ESTEP        = F,
 XY_SLICE_IPAR   =           2,
 XY_FLUXES_BPAR  = F,
 LAMPLITUDES     = T,
 LGROWTH_RATES   = T,
 LFREQUENCIES    = T,
 SPC3D   = F,
 PHI3D   = F,
 DEN3D   = F,
 APA3D   = F,
 APC3D   = F,
 ENE3D   = F,
 BPA3D   = F,
 BPC3D   = F,
 ZONAL_SCALE_3D  =   1.00000000000000     ,
 LPARALLEL_OUTPUT        = T,
 LROTATE_PARALLEL        = T,
 PSI_VELSPACE    = 32*0.000000000000000E+000  ,
 ZETA_VELSPACE   = 32*0.000000000000000E+000  ,
 NPOINTSVEL      =           0
 /
 &GEOM
 SHAT    =   1.00000000000000     ,
 Q       =   2.00000000000000     ,
 EPS     =  0.166000000000000     ,
 EPS_TYPE        =           1,
 GEOM_TYPE       = s-alpha                         ,
 EQFILE  = not_needed_for_s-alpha_option                                                                                             
                                                           ,
 SIGNB   =           1,
 SIGNJ   =           1,
 R0_LOC  = LFS                             
 /
 &MODE
 KTHRHO  =  0.424260000000000     , 511*0.000000000000000E+000  ,
 CHIN    =  0.000000000000000E+000,
 MODE_BOX        = F,
 KRHOMAX =  0.000000000000000E+000,
 IKXSPACE        =           0
 /
 &ROTATION
 VCOR    =  0.130000000000000     ,
 SHEAR_RATE      =  0.000000000000000E+000,
 SHEAR_PROFILE   = none                            ,
 TOROIDAL_SHEAR  = none                            ,
 CORIOLIS        = T,
 CF_TRAP = T,
 CF_DRIFT        = T,
 T_SHEAR_BEGIN   =  0.000000000000000E+000,
 CF_UPPHI        = T,
 CF_UPSRC        = T
 /
 &SPCGENERAL
 BETA    =  0.000000000000000E+000,
 BETA_REF        =  1.000000000000000E-002,
 BETA_TYPE       = ref                             ,
 BETAPRIME_REF   =  0.000000000000000E+000,
 BETAPRIME_TYPE  = ref                             ,
 ADIABATIC_ELECTRONS     = F,
 AMP_INIT        =  5.000000000000000E-003,
 FINIT   = cosine                          ,
 WSTAR   =  0.000000000000000E+000,
 LS      =   2.00000000000000     ,
 ISL_ROT_FREQ    =  0.000000000000000E+000,
 TEARINGMODE     = F,
 ISL_MODE        =           2,
 TEAR_ZERO_EPAR  = F
 /
 &SPECIES
 MASS    =   1.00000000000000     ,
 Z       =   1.00000000000000     ,
 TEMP    =   1.00000000000000     ,
 DENS    =   1.00000000000000     ,
 RLT     =   9.00000000000000     ,
 RLN     =   3.00000000000000     ,
 UPRIM   =  0.200000000000000     ,
 BACKGROUND      = maxwell,
 PARAM   =  0.000000000000000E+000,
 NUF     =   1.00000000000000     
 /
 &SPECIES
 MASS    =  2.720000000000000E-004,
 Z       =  -1.00000000000000     ,
 TEMP    =   1.00000000000000     ,
 DENS    =   1.00000000000000     ,
 RLT     =   9.00000000000000     ,
 RLN     =   3.00000000000000     ,
 UPRIM   =  0.200000000000000     ,
 BACKGROUND      = maxwell,
 PARAM   =  0.000000000000000E+000,
 NUF     =   1.00000000000000     
 /
 &LINEAR_TERM_SWITCHES
 LVPAR_GRAD_DF   = T,
 LVDGRADF        = T,
 LTRAPDF = T,
 LVE_GRAD_FM     = T,
 LVD_GRAD_PHI_FM = T,
 LVPGRPHI        = T,
 LPOISSON        = T,
 LAMPERE = T,
 LG2F_CORRECTION = T,
 LPOISSON_ZF     = T,
 LNEOCLASSICAL   = T,
 LBPAR   = T
 /
 &COLLISIONS
 NREF    =   1.50000000000000     ,
 TREF    =   1.40000000000000     ,
 RREF    =  0.000000000000000E+000,
 PITCH_ANGLE     = T,
 EN_SCATTER      = T,
 FRICTION_COLL   = T,
 MOM_CONSERVATION        = T,
 MASS_CONSERVE   = T,
 FREQ_OVERRIDE   = T,
 COLL_FREQ       =  1.000000000000000E-004,
 SELFCOLLCON     = T
 /
